// Jest Snapshot v1, https://goo.gl/fbAQLP

exports[`renders correctly 1`] = `
<img
  alt=""
  className="Image-img Image-spin"
  src="IMAGE_PATH_HERE"
  style={
    Object {
      "marginLeft": "100px",
      "marginTop": "100px",
    }
  }
/>
`;
