// Jest Snapshot v1, https://goo.gl/fbAQLP

exports[`renders correctly 1`] = `
<button
  className="btn btn-danger btn-lg btn3d"
  onClick={[Function]}
  type="button"
>
  Start Joshelleing!
</button>
`;
